global.camomile.libresensor.RawTagTest.calibrationInfo should match snapshot[0]=[
  {
    "i1": 0,
    "i2": 580,
    "i3": 6,
    "i4": 6716,
    "i5": 10256,
    "i6": 7068
  }
]


global.camomile.libresensor.RawTagTest.calibrationInfo should match snapshot[1]=[
  {
    "i1": 0,
    "i2": 715,
    "i3": 0,
    "i4": 0,
    "i5": 0,
    "i6": 0
  }
]


global.camomile.libresensor.RawTagTest.calibrationInfo should match snapshot[2]=[
  {
    "i1": 0,
    "i2": 706,
    "i3": 0,
    "i4": 0,
    "i5": 0,
    "i6": 0
  }
]


global.camomile.libresensor.RawTagTest.calibrationInfo should match snapshot[3]=[
  {
    "i1": 0,
    "i2": 670,
    "i3": 0,
    "i4": 0,
    "i5": 0,
    "i6": 0
  }
]


global.camomile.libresensor.RawTagTest.calibrationInfo should match snapshot[4]=[
  {
    "i1": 0,
    "i2": 866,
    "i3": 0,
    "i4": 0,
    "i5": 0,
    "i6": 0
  }
]


global.camomile.libresensor.RawTagTest.calibrationInfo should match snapshot[5]=[
  {
    "i1": 0,
    "i2": 866,
    "i3": 0,
    "i4": 0,
    "i5": 0,
    "i6": 0
  }
]


global.camomile.libresensor.RawTagTest.history should match snapshot[0]=[
  [
    [
      1378,
      6580,
      -4,
      288,
      1,
      0
    ],
    [
      1395,
      6520,
      -4,
      288,
      1,
      0
    ],
    [
      1499,
      6428,
      -4,
      288,
      1,
      0
    ],
    [
      1590,
      6504,
      -4,
      288,
      1,
      0
    ],
    [
      1721,
      6552,
      -4,
      288,
      1,
      0
    ],
    [
      1799,
      6744,
      -4,
      288,
      1,
      0
    ],
    [
      1576,
      7080,
      -4,
      288,
      1,
      0
    ],
    [
      1512,
      7088,
      -8,
      288,
      1,
      0
    ],
    [
      1400,
      7056,
      -4,
      288,
      1,
      0
    ],
    [
      1236,
      7140,
      -8,
      288,
      1,
      0
    ],
    [
      1208,
      7216,
      -8,
      288,
      1,
      0
    ],
    [
      1261,
      7124,
      -4,
      288,
      1,
      0
    ],
    [
      1325,
      7096,
      -4,
      288,
      1,
      0
    ],
    [
      1398,
      7224,
      -8,
      288,
      1,
      0
    ],
    [
      1310,
      8272,
      -8,
      288,
      1,
      0
    ],
    [
      1191,
      8356,
      -4,
      288,
      1,
      0
    ],
    [
      1213,
      7136,
      -4,
      288,
      1,
      0
    ],
    [
      1174,
      7408,
      -8,
      288,
      1,
      0
    ],
    [
      1103,
      7884,
      -8,
      288,
      1,
      0
    ],
    [
      1022,
      7380,
      -4,
      288,
      1,
      0
    ],
    [
      965,
      7288,
      -8,
      288,
      1,
      0
    ],
    [
      942,
      7212,
      -8,
      288,
      1,
      0
    ],
    [
      948,
      6920,
      -4,
      288,
      1,
      0
    ],
    [
      966,
      6724,
      -4,
      288,
      1,
      0
    ],
    [
      1020,
      7040,
      -8,
      288,
      1,
      0
    ],
    [
      1126,
      6892,
      -8,
      288,
      1,
      0
    ],
    [
      1227,
      6812,
      -4,
      288,
      1,
      0
    ],
    [
      1292,
      6732,
      -4,
      288,
      1,
      0
    ],
    [
      1307,
      6780,
      -8,
      288,
      1,
      0
    ],
    [
      1331,
      6756,
      -8,
      288,
      1,
      0
    ],
    [
      1317,
      6772,
      -4,
      288,
      1,
      0
    ],
    [
      1345,
      6572,
      -4,
      288,
      1,
      0
    ]
  ]
]


global.camomile.libresensor.RawTagTest.history should match snapshot[1]=[
  [
    [
      1500,
      7276,
      -4,
      288,
      1,
      0
    ],
    [
      1397,
      7184,
      -4,
      288,
      1,
      0
    ],
    [
      1290,
      7012,
      -4,
      288,
      1,
      0
    ],
    [
      1172,
      7400,
      -4,
      288,
      1,
      0
    ],
    [
      1124,
      7516,
      -4,
      288,
      1,
      0
    ],
    [
      1124,
      7508,
      -4,
      288,
      1,
      0
    ],
    [
      1131,
      7496,
      -4,
      288,
      1,
      0
    ],
    [
      1146,
      7548,
      -4,
      288,
      1,
      0
    ],
    [
      1198,
      7600,
      -4,
      288,
      1,
      0
    ],
    [
      1158,
      7628,
      -4,
      288,
      1,
      0
    ],
    [
      1130,
      7556,
      -8,
      288,
      1,
      0
    ],
    [
      1683,
      7376,
      -8,
      288,
      1,
      0
    ],
    [
      1983,
      7112,
      -4,
      288,
      1,
      0
    ],
    [
      1963,
      7888,
      -8,
      288,
      1,
      0
    ],
    [
      1798,
      7780,
      -8,
      288,
      1,
      0
    ],
    [
      1480,
      7924,
      -8,
      288,
      1,
      0
    ],
    [
      1121,
      7904,
      -8,
      288,
      1,
      0
    ],
    [
      853,
      7800,
      -8,
      288,
      1,
      0
    ],
    [
      748,
      7384,
      -4,
      288,
      1,
      0
    ],
    [
      983,
      7420,
      -8,
      288,
      1,
      0
    ],
    [
      998,
      7616,
      -8,
      288,
      1,
      0
    ],
    [
      875,
      7428,
      -8,
      288,
      1,
      0
    ],
    [
      852,
      7288,
      -4,
      288,
      1,
      0
    ],
    [
      1408,
      6712,
      -4,
      288,
      1,
      0
    ],
    [
      1414,
      7164,
      -4,
      288,
      1,
      0
    ],
    [
      1473,
      6640,
      0,
      288,
      1,
      0
    ],
    [
      1487,
      6448,
      -4,
      288,
      1,
      0
    ],
    [
      1541,
      6332,
      -4,
      288,
      1,
      0
    ],
    [
      1573,
      6920,
      -4,
      288,
      1,
      0
    ],
    [
      1574,
      7088,
      -4,
      288,
      1,
      0
    ],
    [
      1574,
      6900,
      -4,
      288,
      1,
      0
    ],
    [
      1588,
      6784,
      -4,
      288,
      1,
      0
    ]
  ]
]


global.camomile.libresensor.RawTagTest.history should match snapshot[2]=[
  [
    [
      1216,
      6148,
      8,
      288,
      1,
      0
    ],
    [
      1259,
      6572,
      4,
      288,
      1,
      0
    ],
    [
      1280,
      6944,
      4,
      288,
      1,
      0
    ],
    [
      1291,
      6916,
      4,
      288,
      1,
      0
    ],
    [
      1336,
      7016,
      0,
      288,
      1,
      0
    ],
    [
      1380,
      7060,
      4,
      288,
      1,
      0
    ],
    [
      1458,
      7216,
      0,
      288,
      1,
      0
    ],
    [
      1558,
      6760,
      4,
      288,
      1,
      0
    ],
    [
      1637,
      6984,
      4,
      288,
      1,
      0
    ],
    [
      1739,
      6672,
      4,
      288,
      1,
      0
    ],
    [
      1732,
      6276,
      4,
      288,
      1,
      0
    ],
    [
      1850,
      6896,
      4,
      288,
      1,
      0
    ],
    [
      1814,
      6956,
      4,
      288,
      1,
      0
    ],
    [
      1860,
      7168,
      4,
      288,
      1,
      0
    ],
    [
      1804,
      7168,
      4,
      288,
      1,
      0
    ],
    [
      1619,
      7176,
      4,
      288,
      1,
      0
    ],
    [
      1719,
      7228,
      4,
      288,
      1,
      0
    ],
    [
      2054,
      7148,
      4,
      288,
      1,
      0
    ],
    [
      2222,
      7176,
      0,
      288,
      1,
      0
    ],
    [
      2188,
      7100,
      0,
      288,
      1,
      0
    ],
    [
      2136,
      7116,
      4,
      288,
      1,
      0
    ],
    [
      1964,
      7236,
      0,
      288,
      1,
      0
    ],
    [
      1417,
      7368,
      0,
      288,
      1,
      0
    ],
    [
      1152,
      7108,
      4,
      288,
      1,
      0
    ],
    [
      1162,
      7000,
      4,
      288,
      1,
      0
    ],
    [
      1065,
      7160,
      4,
      288,
      1,
      0
    ],
    [
      850,
      6940,
      4,
      288,
      1,
      0
    ],
    [
      840,
      6716,
      4,
      288,
      1,
      0
    ],
    [
      1253,
      6328,
      4,
      288,
      1,
      0
    ],
    [
      1262,
      6156,
      8,
      288,
      1,
      0
    ],
    [
      1257,
      6200,
      8,
      288,
      1,
      0
    ],
    [
      1124,
      6184,
      4,
      288,
      1,
      0
    ]
  ]
]


global.camomile.libresensor.RawTagTest.history should match snapshot[3]=[
  [
    [
      778,
      6780,
      4,
      288,
      1,
      0
    ],
    [
      879,
      6680,
      8,
      288,
      1,
      0
    ],
    [
      1120,
      6644,
      8,
      288,
      1,
      0
    ],
    [
      1307,
      6640,
      4,
      288,
      1,
      0
    ],
    [
      1408,
      6728,
      4,
      288,
      1,
      0
    ],
    [
      1358,
      6880,
      4,
      288,
      1,
      0
    ],
    [
      1269,
      7156,
      0,
      288,
      1,
      0
    ],
    [
      1141,
      7452,
      4,
      288,
      1,
      0
    ],
    [
      1044,
      7436,
      4,
      288,
      1,
      0
    ],
    [
      945,
      7736,
      0,
      288,
      1,
      0
    ],
    [
      854,
      7780,
      0,
      288,
      1,
      0
    ],
    [
      795,
      7140,
      4,
      288,
      1,
      0
    ],
    [
      761,
      6796,
      4,
      288,
      1,
      0
    ],
    [
      1082,
      6728,
      4,
      288,
      1,
      0
    ],
    [
      1070,
      6692,
      8,
      288,
      1,
      0
    ],
    [
      1130,
      6616,
      8,
      288,
      1,
      0
    ],
    [
      1117,
      6588,
      8,
      288,
      1,
      0
    ],
    [
      872,
      6820,
      8,
      288,
      1,
      0
    ],
    [
      788,
      7264,
      4,
      288,
      1,
      0
    ],
    [
      847,
      7068,
      4,
      288,
      1,
      0
    ],
    [
      973,
      6880,
      4,
      288,
      1,
      0
    ],
    [
      950,
      6776,
      4,
      288,
      1,
      0
    ],
    [
      962,
      7156,
      4,
      288,
      1,
      0
    ],
    [
      900,
      6956,
      8,
      288,
      1,
      0
    ],
    [
      845,
      6928,
      8,
      288,
      1,
      0
    ],
    [
      1134,
      6576,
      8,
      288,
      1,
      0
    ],
    [
      998,
      6568,
      8,
      288,
      1,
      0
    ],
    [
      1088,
      6696,
      8,
      288,
      1,
      0
    ],
    [
      1384,
      6672,
      4,
      288,
      1,
      0
    ],
    [
      1292,
      6696,
      8,
      288,
      1,
      0
    ],
    [
      1157,
      6572,
      8,
      288,
      1,
      0
    ],
    [
      822,
      6668,
      8,
      288,
      1,
      0
    ]
  ]
]


global.camomile.libresensor.RawTagTest.history should match snapshot[4]=[
  [
    [
      1613,
      7152,
      16,
      288,
      1,
      0
    ],
    [
      1590,
      7240,
      16,
      288,
      1,
      0
    ],
    [
      1657,
      7324,
      16,
      288,
      1,
      0
    ],
    [
      1749,
      7396,
      12,
      288,
      1,
      0
    ],
    [
      1705,
      7496,
      12,
      288,
      1,
      0
    ],
    [
      1630,
      7636,
      8,
      288,
      1,
      0
    ],
    [
      1380,
      7452,
      12,
      288,
      1,
      0
    ],
    [
      1233,
      7252,
      16,
      288,
      1,
      0
    ],
    [
      982,
      6892,
      16,
      288,
      1,
      0
    ],
    [
      795,
      6824,
      16,
      288,
      1,
      0
    ],
    [
      653,
      6924,
      16,
      288,
      1,
      0
    ],
    [
      1199,
      7776,
      12,
      288,
      1,
      0
    ],
    [
      1139,
      7444,
      12,
      288,
      1,
      0
    ],
    [
      1026,
      7440,
      12,
      288,
      1,
      0
    ],
    [
      966,
      7448,
      12,
      288,
      1,
      0
    ],
    [
      917,
      7364,
      12,
      288,
      1,
      0
    ],
    [
      830,
      7124,
      16,
      288,
      1,
      0
    ],
    [
      990,
      7220,
      12,
      288,
      1,
      0
    ],
    [
      1385,
      7188,
      16,
      288,
      1,
      0
    ],
    [
      1337,
      6540,
      24,
      288,
      1,
      0
    ],
    [
      1205,
      6612,
      24,
      288,
      1,
      0
    ],
    [
      1318,
      6604,
      24,
      288,
      1,
      0
    ],
    [
      1732,
      6572,
      24,
      288,
      1,
      0
    ],
    [
      1993,
      6664,
      24,
      288,
      1,
      0
    ],
    [
      1852,
      6516,
      24,
      288,
      1,
      0
    ],
    [
      1611,
      6604,
      24,
      288,
      1,
      0
    ],
    [
      1594,
      6728,
      20,
      288,
      1,
      0
    ],
    [
      1592,
      6916,
      16,
      288,
      1,
      0
    ],
    [
      1628,
      7072,
      16,
      288,
      1,
      0
    ],
    [
      1636,
      7168,
      16,
      288,
      1,
      0
    ],
    [
      1610,
      7136,
      16,
      288,
      1,
      0
    ],
    [
      1584,
      7240,
      16,
      288,
      1,
      0
    ]
  ]
]


global.camomile.libresensor.RawTagTest.history should match snapshot[5]=[
  [
    [
      1111,
      8244,
      16,
      288,
      1,
      0
    ],
    [
      804,
      8104,
      12,
      288,
      1,
      0
    ],
    [
      985,
      7388,
      16,
      288,
      1,
      0
    ],
    [
      1139,
      8044,
      12,
      288,
      1,
      0
    ],
    [
      1031,
      8632,
      8,
      288,
      1,
      0
    ],
    [
      827,
      8996,
      8,
      288,
      1,
      0
    ],
    [
      777,
      7992,
      16,
      288,
      1,
      0
    ],
    [
      1282,
      6992,
      16,
      288,
      1,
      0
    ],
    [
      1759,
      6780,
      20,
      288,
      1,
      0
    ],
    [
      1708,
      6596,
      20,
      288,
      1,
      0
    ],
    [
      1624,
      6036,
      20,
      288,
      1,
      0
    ],
    [
      1503,
      6760,
      16,
      288,
      1,
      0
    ],
    [
      2711,
      6668,
      20,
      288,
      1,
      0
    ],
    [
      3141,
      6920,
      20,
      288,
      1,
      0
    ],
    [
      3260,
      6952,
      16,
      288,
      1,
      0
    ],
    [
      3228,
      6624,
      20,
      288,
      1,
      0
    ],
    [
      2948,
      6760,
      20,
      288,
      1,
      0
    ],
    [
      2707,
      6804,
      20,
      288,
      1,
      0
    ],
    [
      2520,
      6760,
      20,
      288,
      1,
      0
    ],
    [
      2355,
      6752,
      20,
      288,
      1,
      0
    ],
    [
      2173,
      6836,
      16,
      288,
      1,
      0
    ],
    [
      2051,
      6724,
      16,
      288,
      1,
      0
    ],
    [
      1872,
      7064,
      16,
      288,
      1,
      0
    ],
    [
      1640,
      7188,
      12,
      288,
      1,
      0
    ],
    [
      1488,
      7276,
      16,
      288,
      1,
      0
    ],
    [
      1533,
      8200,
      12,
      288,
      1,
      0
    ],
    [
      927,
      8404,
      12,
      288,
      1,
      0
    ],
    [
      619,
      7916,
      12,
      288,
      1,
      0
    ],
    [
      702,
      8224,
      16,
      288,
      1,
      0
    ],
    [
      1223,
      7576,
      16,
      288,
      1,
      0
    ],
    [
      1633,
      7580,
      16,
      288,
      1,
      0
    ],
    [
      1362,
      7580,
      16,
      288,
      1,
      0
    ]
  ]
]


global.camomile.libresensor.RawTagTest.indexHistory should match snapshot[0]=[
6
]


global.camomile.libresensor.RawTagTest.indexHistory should match snapshot[1]=[
23
]


global.camomile.libresensor.RawTagTest.indexHistory should match snapshot[2]=[
28
]


global.camomile.libresensor.RawTagTest.indexHistory should match snapshot[3]=[
18
]


global.camomile.libresensor.RawTagTest.indexHistory should match snapshot[4]=[
11
]


global.camomile.libresensor.RawTagTest.indexHistory should match snapshot[5]=[
12
]


global.camomile.libresensor.RawTagTest.indexTrend should match snapshot[0]=[
7
]


global.camomile.libresensor.RawTagTest.indexTrend should match snapshot[1]=[
8
]


global.camomile.libresensor.RawTagTest.indexTrend should match snapshot[2]=[
3
]


global.camomile.libresensor.RawTagTest.indexTrend should match snapshot[3]=[
10
]


global.camomile.libresensor.RawTagTest.indexTrend should match snapshot[4]=[
0
]


global.camomile.libresensor.RawTagTest.indexTrend should match snapshot[5]=[
0
]


global.camomile.libresensor.RawTagTest.sensorAgeInMinutes should match snapshot[0]=[
16424
]


global.camomile.libresensor.RawTagTest.sensorAgeInMinutes should match snapshot[1]=[
18121
]


global.camomile.libresensor.RawTagTest.sensorAgeInMinutes should match snapshot[2]=[
8116
]


global.camomile.libresensor.RawTagTest.sensorAgeInMinutes should match snapshot[3]=[
13243
]


global.camomile.libresensor.RawTagTest.sensorAgeInMinutes should match snapshot[4]=[
1617
]


global.camomile.libresensor.RawTagTest.sensorAgeInMinutes should match snapshot[5]=[
3073
]


global.camomile.libresensor.RawTagTest.sensorLifetime should match snapshot[0]=[
20757
]


global.camomile.libresensor.RawTagTest.sensorLifetime should match snapshot[1]=[
20742
]


global.camomile.libresensor.RawTagTest.sensorLifetime should match snapshot[2]=[
20727
]


global.camomile.libresensor.RawTagTest.sensorLifetime should match snapshot[3]=[
20881
]


global.camomile.libresensor.RawTagTest.sensorLifetime should match snapshot[4]=[
20780
]


global.camomile.libresensor.RawTagTest.sensorLifetime should match snapshot[5]=[
20878
]


global.camomile.libresensor.RawTagTest.sensorRegion should match snapshot[0]=[
1
]


global.camomile.libresensor.RawTagTest.sensorRegion should match snapshot[1]=[
8
]


global.camomile.libresensor.RawTagTest.sensorRegion should match snapshot[2]=[
8
]


global.camomile.libresensor.RawTagTest.sensorRegion should match snapshot[3]=[
8
]


global.camomile.libresensor.RawTagTest.sensorRegion should match snapshot[4]=[
8
]


global.camomile.libresensor.RawTagTest.sensorRegion should match snapshot[5]=[
8
]


global.camomile.libresensor.RawTagTest.sensorState should match snapshot[0]=[
3
]


global.camomile.libresensor.RawTagTest.sensorState should match snapshot[1]=[
3
]


global.camomile.libresensor.RawTagTest.sensorState should match snapshot[2]=[
3
]


global.camomile.libresensor.RawTagTest.sensorState should match snapshot[3]=[
3
]


global.camomile.libresensor.RawTagTest.sensorState should match snapshot[4]=[
3
]


global.camomile.libresensor.RawTagTest.sensorState should match snapshot[5]=[
3
]


global.camomile.libresensor.RawTagTest.trend should match snapshot[0]=[
  [
    [
      1750,
      6736,
      -4,
      288,
      1,
      0
    ],
    [
      1750,
      6688,
      -4,
      288,
      1,
      0
    ],
    [
      1764,
      6680,
      -4,
      288,
      1,
      0
    ],
    [
      1763,
      6700,
      -4,
      288,
      1,
      0
    ],
    [
      1770,
      6708,
      -4,
      288,
      1,
      0
    ],
    [
      1770,
      6720,
      -4,
      288,
      1,
      0
    ],
    [
      1784,
      6700,
      -32,
      32,
      1,
      1
    ],
    [
      1805,
      6620,
      -4,
      288,
      1,
      0
    ],
    [
      1804,
      6704,
      -4,
      288,
      1,
      0
    ],
    [
      1799,
      6744,
      -4,
      288,
      1,
      0
    ],
    [
      1798,
      6736,
      -4,
      288,
      1,
      0
    ],
    [
      1793,
      6748,
      -4,
      288,
      1,
      0
    ],
    [
      1772,
      6760,
      -4,
      288,
      1,
      0
    ],
    [
      1758,
      6772,
      -4,
      288,
      1,
      0
    ],
    [
      1750,
      6780,
      -4,
      288,
      1,
      0
    ],
    [
      1747,
      6728,
      -4,
      288,
      1,
      0
    ],
    [
      0,
      0,
      0,
      0,
      0,
      0
    ],
    [
      0,
      0,
      0,
      0,
      0,
      0
    ],
    [
      0,
      0,
      0,
      0,
      0,
      0
    ],
    [
      0,
      0,
      0,
      0,
      0,
      0
    ],
    [
      0,
      0,
      0,
      0,
      0,
      0
    ],
    [
      0,
      0,
      0,
      0,
      0,
      0
    ],
    [
      0,
      0,
      0,
      0,
      0,
      0
    ],
    [
      0,
      0,
      0,
      0,
      0,
      0
    ],
    [
      0,
      0,
      0,
      0,
      0,
      0
    ],
    [
      0,
      0,
      0,
      0,
      0,
      0
    ],
    [
      0,
      0,
      0,
      0,
      0,
      0
    ],
    [
      0,
      0,
      0,
      0,
      0,
      0
    ],
    [
      0,
      0,
      0,
      0,
      0,
      0
    ],
    [
      0,
      0,
      0,
      0,
      0,
      0
    ],
    [
      0,
      0,
      0,
      0,
      0,
      0
    ],
    [
      0,
      0,
      0,
      0,
      0,
      0
    ]
  ]
]


global.camomile.libresensor.RawTagTest.trend should match snapshot[1]=[
  [
    [
      852,
      7344,
      -8,
      288,
      1,
      0
    ],
    [
      843,
      7292,
      -4,
      288,
      1,
      0
    ],
    [
      830,
      7280,
      -8,
      288,
      1,
      0
    ],
    [
      835,
      7264,
      -8,
      288,
      1,
      0
    ],
    [
      840,
      7244,
      -4,
      288,
      1,
      0
    ],
    [
      835,
      7212,
      -8,
      288,
      1,
      0
    ],
    [
      837,
      7212,
      -8,
      288,
      1,
      0
    ],
    [
      847,
      7228,
      -8,
      288,
      1,
      0
    ],
    [
      856,
      7288,
      -4,
      288,
      1,
      0
    ],
    [
      847,
      7264,
      -8,
      288,
      1,
      0
    ],
    [
      841,
      7240,
      -4,
      288,
      1,
      0
    ],
    [
      845,
      7236,
      -8,
      288,
      1,
      0
    ],
    [
      840,
      7244,
      -8,
      288,
      1,
      0
    ],
    [
      842,
      7240,
      -8,
      288,
      1,
      0
    ],
    [
      848,
      7292,
      -8,
      288,
      1,
      0
    ],
    [
      844,
      7312,
      -8,
      288,
      1,
      0
    ],
    [
      0,
      0,
      0,
      0,
      0,
      0
    ],
    [
      0,
      0,
      0,
      0,
      0,
      0
    ],
    [
      0,
      0,
      0,
      0,
      0,
      0
    ],
    [
      0,
      0,
      0,
      0,
      0,
      0
    ],
    [
      0,
      0,
      0,
      0,
      0,
      0
    ],
    [
      0,
      0,
      0,
      0,
      0,
      0
    ],
    [
      0,
      0,
      0,
      0,
      0,
      0
    ],
    [
      0,
      0,
      0,
      0,
      0,
      0
    ],
    [
      0,
      0,
      0,
      0,
      0,
      0
    ],
    [
      0,
      0,
      0,
      0,
      0,
      0
    ],
    [
      0,
      0,
      0,
      0,
      0,
      0
    ],
    [
      0,
      0,
      0,
      0,
      0,
      0
    ],
    [
      0,
      0,
      0,
      0,
      0,
      0
    ],
    [
      0,
      0,
      0,
      0,
      0,
      0
    ],
    [
      0,
      0,
      0,
      0,
      0,
      0
    ],
    [
      0,
      0,
      0,
      0,
      0,
      0
    ]
  ]
]


global.camomile.libresensor.RawTagTest.trend should match snapshot[2]=[
  [
    [
      852,
      6752,
      4,
      288,
      1,
      0
    ],
    [
      854,
      6772,
      4,
      288,
      1,
      0
    ],
    [
      847,
      6920,
      4,
      288,
      1,
      0
    ],
    [
      840,
      6716,
      4,
      288,
      1,
      0
    ],
    [
      846,
      6692,
      4,
      288,
      1,
      0
    ],
    [
      848,
      6704,
      4,
      288,
      1,
      0
    ],
    [
      850,
      6732,
      4,
      288,
      1,
      0
    ],
    [
      853,
      6744,
      4,
      288,
      1,
      0
    ],
    [
      857,
      6708,
      4,
      288,
      1,
      0
    ],
    [
      858,
      6720,
      4,
      288,
      1,
      0
    ],
    [
      861,
      6728,
      4,
      288,
      1,
      0
    ],
    [
      859,
      6776,
      4,
      288,
      1,
      0
    ],
    [
      858,
      6756,
      4,
      288,
      1,
      0
    ],
    [
      863,
      6748,
      4,
      288,
      1,
      0
    ],
    [
      860,
      6764,
      0,
      288,
      1,
      0
    ],
    [
      855,
      6760,
      4,
      288,
      1,
      0
    ],
    [
      0,
      0,
      0,
      0,
      0,
      0
    ],
    [
      0,
      0,
      0,
      0,
      0,
      0
    ],
    [
      0,
      0,
      0,
      0,
      0,
      0
    ],
    [
      0,
      0,
      0,
      0,
      0,
      0
    ],
    [
      0,
      0,
      0,
      0,
      0,
      0
    ],
    [
      0,
      0,
      0,
      0,
      0,
      0
    ],
    [
      0,
      0,
      0,
      0,
      0,
      0
    ],
    [
      0,
      0,
      0,
      0,
      0,
      0
    ],
    [
      0,
      0,
      0,
      0,
      0,
      0
    ],
    [
      0,
      0,
      0,
      0,
      0,
      0
    ],
    [
      0,
      0,
      0,
      0,
      0,
      0
    ],
    [
      0,
      0,
      0,
      0,
      0,
      0
    ],
    [
      0,
      0,
      0,
      0,
      0,
      0
    ],
    [
      0,
      0,
      0,
      0,
      0,
      0
    ],
    [
      0,
      0,
      0,
      0,
      0,
      0
    ],
    [
      0,
      0,
      0,
      0,
      0,
      0
    ]
  ]
]


global.camomile.libresensor.RawTagTest.trend should match snapshot[3]=[
  [
    [
      854,
      6832,
      4,
      288,
      1,
      0
    ],
    [
      852,
      6840,
      4,
      288,
      1,
      0
    ],
    [
      865,
      6812,
      4,
      288,
      1,
      0
    ],
    [
      883,
      6756,
      4,
      288,
      1,
      0
    ],
    [
      906,
      6704,
      8,
      288,
      1,
      0
    ],
    [
      938,
      6724,
      8,
      288,
      1,
      0
    ],
    [
      978,
      6744,
      4,
      288,
      1,
      0
    ],
    [
      1019,
      6708,
      8,
      288,
      1,
      0
    ],
    [
      1058,
      6644,
      8,
      288,
      1,
      0
    ],
    [
      1083,
      6668,
      8,
      288,
      1,
      0
    ],
    [
      921,
      6776,
      4,
      288,
      1,
      0
    ],
    [
      902,
      6732,
      8,
      288,
      1,
      0
    ],
    [
      881,
      6796,
      4,
      288,
      1,
      0
    ],
    [
      869,
      6820,
      8,
      288,
      1,
      0
    ],
    [
      857,
      6752,
      4,
      288,
      1,
      0
    ],
    [
      854,
      6820,
      4,
      288,
      1,
      0
    ],
    [
      0,
      0,
      0,
      0,
      0,
      0
    ],
    [
      0,
      0,
      0,
      0,
      0,
      0
    ],
    [
      0,
      0,
      0,
      0,
      0,
      0
    ],
    [
      0,
      0,
      0,
      0,
      0,
      0
    ],
    [
      0,
      0,
      0,
      0,
      0,
      0
    ],
    [
      0,
      0,
      0,
      0,
      0,
      0
    ],
    [
      0,
      0,
      0,
      0,
      0,
      0
    ],
    [
      0,
      0,
      0,
      0,
      0,
      0
    ],
    [
      0,
      0,
      0,
      0,
      0,
      0
    ],
    [
      0,
      0,
      0,
      0,
      0,
      0
    ],
    [
      0,
      0,
      0,
      0,
      0,
      0
    ],
    [
      0,
      0,
      0,
      0,
      0,
      0
    ],
    [
      0,
      0,
      0,
      0,
      0,
      0
    ],
    [
      0,
      0,
      0,
      0,
      0,
      0
    ],
    [
      0,
      0,
      0,
      0,
      0,
      0
    ],
    [
      0,
      0,
      0,
      0,
      0,
      0
    ]
  ]
]


global.camomile.libresensor.RawTagTest.trend should match snapshot[4]=[
  [
    [
      686,
      6948,
      16,
      288,
      1,
      0
    ],
    [
      677,
      6948,
      16,
      288,
      1,
      0
    ],
    [
      666,
      6972,
      16,
      288,
      1,
      0
    ],
    [
      661,
      6988,
      12,
      288,
      1,
      0
    ],
    [
      653,
      6924,
      16,
      288,
      1,
      0
    ],
    [
      650,
      6960,
      16,
      288,
      1,
      0
    ],
    [
      639,
      6984,
      16,
      288,
      1,
      0
    ],
    [
      617,
      6888,
      16,
      288,
      1,
      0
    ],
    [
      620,
      6876,
      16,
      288,
      1,
      0
    ],
    [
      619,
      6892,
      16,
      288,
      1,
      0
    ],
    [
      622,
      6880,
      16,
      288,
      1,
      0
    ],
    [
      630,
      6932,
      16,
      288,
      1,
      0
    ],
    [
      636,
      6896,
      16,
      288,
      1,
      0
    ],
    [
      660,
      6860,
      16,
      288,
      1,
      0
    ],
    [
      683,
      6808,
      20,
      288,
      1,
      0
    ],
    [
      716,
      6744,
      20,
      288,
      1,
      0
    ],
    [
      0,
      0,
      0,
      0,
      0,
      0
    ],
    [
      0,
      0,
      0,
      0,
      0,
      0
    ],
    [
      0,
      0,
      0,
      0,
      0,
      0
    ],
    [
      0,
      0,
      0,
      0,
      0,
      0
    ],
    [
      0,
      0,
      0,
      0,
      0,
      0
    ],
    [
      0,
      0,
      0,
      0,
      0,
      0
    ],
    [
      0,
      0,
      0,
      0,
      0,
      0
    ],
    [
      0,
      0,
      0,
      0,
      0,
      0
    ],
    [
      0,
      0,
      0,
      0,
      0,
      0
    ],
    [
      0,
      0,
      0,
      0,
      0,
      0
    ],
    [
      0,
      0,
      0,
      0,
      0,
      0
    ],
    [
      0,
      0,
      0,
      0,
      0,
      0
    ],
    [
      0,
      0,
      0,
      0,
      0,
      0
    ],
    [
      0,
      0,
      0,
      0,
      0,
      0
    ],
    [
      0,
      0,
      0,
      0,
      0,
      0
    ],
    [
      0,
      0,
      0,
      0,
      0,
      0
    ]
  ]
]


global.camomile.libresensor.RawTagTest.trend should match snapshot[5]=[
  [
    [
      1543,
      6660,
      16,
      288,
      1,
      0
    ],
    [
      1526,
      6732,
      16,
      288,
      1,
      0
    ],
    [
      1518,
      6700,
      16,
      288,
      1,
      0
    ],
    [
      1503,
      6760,
      16,
      288,
      1,
      0
    ],
    [
      1494,
      6932,
      16,
      288,
      1,
      0
    ],
    [
      1474,
      6988,
      16,
      288,
      1,
      0
    ],
    [
      1465,
      6932,
      16,
      288,
      1,
      0
    ],
    [
      1458,
      6932,
      16,
      288,
      1,
      0
    ],
    [
      1452,
      6848,
      16,
      288,
      1,
      0
    ],
    [
      1456,
      6828,
      16,
      288,
      1,
      0
    ],
    [
      1461,
      6780,
      16,
      288,
      1,
      0
    ],
    [
      1465,
      6784,
      16,
      288,
      1,
      0
    ],
    [
      1470,
      6796,
      16,
      288,
      1,
      0
    ],
    [
      1468,
      6736,
      16,
      288,
      1,
      0
    ],
    [
      1472,
      6684,
      20,
      288,
      1,
      0
    ],
    [
      1470,
      6696,
      20,
      288,
      1,
      0
    ],
    [
      0,
      0,
      0,
      0,
      0,
      0
    ],
    [
      0,
      0,
      0,
      0,
      0,
      0
    ],
    [
      0,
      0,
      0,
      0,
      0,
      0
    ],
    [
      0,
      0,
      0,
      0,
      0,
      0
    ],
    [
      0,
      0,
      0,
      0,
      0,
      0
    ],
    [
      0,
      0,
      0,
      0,
      0,
      0
    ],
    [
      0,
      0,
      0,
      0,
      0,
      0
    ],
    [
      0,
      0,
      0,
      0,
      0,
      0
    ],
    [
      0,
      0,
      0,
      0,
      0,
      0
    ],
    [
      0,
      0,
      0,
      0,
      0,
      0
    ],
    [
      0,
      0,
      0,
      0,
      0,
      0
    ],
    [
      0,
      0,
      0,
      0,
      0,
      0
    ],
    [
      0,
      0,
      0,
      0,
      0,
      0
    ],
    [
      0,
      0,
      0,
      0,
      0,
      0
    ],
    [
      0,
      0,
      0,
      0,
      0,
      0
    ],
    [
      0,
      0,
      0,
      0,
      0,
      0
    ]
  ]
]